###############################################################################
#
# IAR ELF Linker V8.50.9.278/W32 for ARM                  18/Oct/2021  22:02:16
# Copyright 2007-2020 IAR Systems AB.
#
#    Output file  =
#        C:\Users\kdm79\Desktop\cortex-M3_test\Demo\robot_line_tracer_v3\Debug\Exe\robot_line_tracer_v3.out
#    Map file     =
#        C:\Users\kdm79\Desktop\cortex-M3_test\Demo\robot_line_tracer_v3\Debug\List\robot_line_tracer_v3.map
#    Command line =
#        -f C:\Users\kdm79\AppData\Local\Temp\EW865B.tmp
#        (C:\Users\kdm79\Desktop\cortex-M3_test\Demo\robot_line_tracer_v3\Debug\Obj\circle_queue.o
#        C:\Users\kdm79\Desktop\cortex-M3_test\Demo\robot_line_tracer_v3\Debug\Obj\debug.o
#        C:\Users\kdm79\Desktop\cortex-M3_test\Demo\robot_line_tracer_v3\Debug\Obj\dynamixel_to_uart.o
#        C:\Users\kdm79\Desktop\cortex-M3_test\Demo\robot_line_tracer_v3\Debug\Obj\exti.o
#        C:\Users\kdm79\Desktop\cortex-M3_test\Demo\robot_line_tracer_v3\Debug\Obj\group_bulk_read.o
#        C:\Users\kdm79\Desktop\cortex-M3_test\Demo\robot_line_tracer_v3\Debug\Obj\group_bulk_write.o
#        C:\Users\kdm79\Desktop\cortex-M3_test\Demo\robot_line_tracer_v3\Debug\Obj\group_sync_read.o
#        C:\Users\kdm79\Desktop\cortex-M3_test\Demo\robot_line_tracer_v3\Debug\Obj\group_sync_write.o
#        C:\Users\kdm79\Desktop\cortex-M3_test\Demo\robot_line_tracer_v3\Debug\Obj\key.o
#        C:\Users\kdm79\Desktop\cortex-M3_test\Demo\robot_line_tracer_v3\Debug\Obj\led.o
#        C:\Users\kdm79\Desktop\cortex-M3_test\Demo\robot_line_tracer_v3\Debug\Obj\llio.o
#        C:\Users\kdm79\Desktop\cortex-M3_test\Demo\robot_line_tracer_v3\Debug\Obj\main.o
#        C:\Users\kdm79\Desktop\cortex-M3_test\Demo\robot_line_tracer_v3\Debug\Obj\misc.o
#        C:\Users\kdm79\Desktop\cortex-M3_test\Demo\robot_line_tracer_v3\Debug\Obj\my_timer.o
#        C:\Users\kdm79\Desktop\cortex-M3_test\Demo\robot_line_tracer_v3\Debug\Obj\packet_handler.o
#        C:\Users\kdm79\Desktop\cortex-M3_test\Demo\robot_line_tracer_v3\Debug\Obj\port_handler.o
#        C:\Users\kdm79\Desktop\cortex-M3_test\Demo\robot_line_tracer_v3\Debug\Obj\port_handler_arduino.o
#        C:\Users\kdm79\Desktop\cortex-M3_test\Demo\robot_line_tracer_v3\Debug\Obj\port_handler_cortex_m3.o
#        C:\Users\kdm79\Desktop\cortex-M3_test\Demo\robot_line_tracer_v3\Debug\Obj\port_handler_linux.o
#        C:\Users\kdm79\Desktop\cortex-M3_test\Demo\robot_line_tracer_v3\Debug\Obj\port_handler_mac.o
#        C:\Users\kdm79\Desktop\cortex-M3_test\Demo\robot_line_tracer_v3\Debug\Obj\port_handler_windows.o
#        C:\Users\kdm79\Desktop\cortex-M3_test\Demo\robot_line_tracer_v3\Debug\Obj\protocol1_packet_handler.o
#        C:\Users\kdm79\Desktop\cortex-M3_test\Demo\robot_line_tracer_v3\Debug\Obj\protocol2_packet_handler.o
#        C:\Users\kdm79\Desktop\cortex-M3_test\Demo\robot_line_tracer_v3\Debug\Obj\sensor.o
#        C:\Users\kdm79\Desktop\cortex-M3_test\Demo\robot_line_tracer_v3\Debug\Obj\startup_stm32f10x_md.o
#        C:\Users\kdm79\Desktop\cortex-M3_test\Demo\robot_line_tracer_v3\Debug\Obj\stm32f10x_adc.o
#        C:\Users\kdm79\Desktop\cortex-M3_test\Demo\robot_line_tracer_v3\Debug\Obj\stm32f10x_bkp.o
#        C:\Users\kdm79\Desktop\cortex-M3_test\Demo\robot_line_tracer_v3\Debug\Obj\stm32f10x_can.o
#        C:\Users\kdm79\Desktop\cortex-M3_test\Demo\robot_line_tracer_v3\Debug\Obj\stm32f10x_cec.o
#        C:\Users\kdm79\Desktop\cortex-M3_test\Demo\robot_line_tracer_v3\Debug\Obj\stm32f10x_crc.o
#        C:\Users\kdm79\Desktop\cortex-M3_test\Demo\robot_line_tracer_v3\Debug\Obj\stm32f10x_dac.o
#        C:\Users\kdm79\Desktop\cortex-M3_test\Demo\robot_line_tracer_v3\Debug\Obj\stm32f10x_dbgmcu.o
#        C:\Users\kdm79\Desktop\cortex-M3_test\Demo\robot_line_tracer_v3\Debug\Obj\stm32f10x_dma.o
#        C:\Users\kdm79\Desktop\cortex-M3_test\Demo\robot_line_tracer_v3\Debug\Obj\stm32f10x_exti.o
#        C:\Users\kdm79\Desktop\cortex-M3_test\Demo\robot_line_tracer_v3\Debug\Obj\stm32f10x_flash.o
#        C:\Users\kdm79\Desktop\cortex-M3_test\Demo\robot_line_tracer_v3\Debug\Obj\stm32f10x_fsmc.o
#        C:\Users\kdm79\Desktop\cortex-M3_test\Demo\robot_line_tracer_v3\Debug\Obj\stm32f10x_gpio.o
#        C:\Users\kdm79\Desktop\cortex-M3_test\Demo\robot_line_tracer_v3\Debug\Obj\stm32f10x_i2c.o
#        C:\Users\kdm79\Desktop\cortex-M3_test\Demo\robot_line_tracer_v3\Debug\Obj\stm32f10x_it.o
#        C:\Users\kdm79\Desktop\cortex-M3_test\Demo\robot_line_tracer_v3\Debug\Obj\stm32f10x_iwdg.o
#        C:\Users\kdm79\Desktop\cortex-M3_test\Demo\robot_line_tracer_v3\Debug\Obj\stm32f10x_pwr.o
#        C:\Users\kdm79\Desktop\cortex-M3_test\Demo\robot_line_tracer_v3\Debug\Obj\stm32f10x_rcc.o
#        C:\Users\kdm79\Desktop\cortex-M3_test\Demo\robot_line_tracer_v3\Debug\Obj\stm32f10x_rtc.o
#        C:\Users\kdm79\Desktop\cortex-M3_test\Demo\robot_line_tracer_v3\Debug\Obj\stm32f10x_sdio.o
#        C:\Users\kdm79\Desktop\cortex-M3_test\Demo\robot_line_tracer_v3\Debug\Obj\stm32f10x_spi.o
#        C:\Users\kdm79\Desktop\cortex-M3_test\Demo\robot_line_tracer_v3\Debug\Obj\stm32f10x_tim.o
#        C:\Users\kdm79\Desktop\cortex-M3_test\Demo\robot_line_tracer_v3\Debug\Obj\stm32f10x_usart.o
#        C:\Users\kdm79\Desktop\cortex-M3_test\Demo\robot_line_tracer_v3\Debug\Obj\stm32f10x_wwdg.o
#        C:\Users\kdm79\Desktop\cortex-M3_test\Demo\robot_line_tracer_v3\Debug\Obj\system_stm32f10x.o
#        C:\Users\kdm79\Desktop\cortex-M3_test\Demo\robot_line_tracer_v3\Debug\Obj\systick.o
#        C:\Users\kdm79\Desktop\cortex-M3_test\Demo\robot_line_tracer_v3\Debug\Obj\wifi_to_uart.o
#        --no_out_extension -o
#        C:\Users\kdm79\Desktop\cortex-M3_test\Demo\robot_line_tracer_v3\Debug\Exe\robot_line_tracer_v3.out
#        --map
#        C:\Users\kdm79\Desktop\cortex-M3_test\Demo\robot_line_tracer_v3\Debug\List\robot_line_tracer_v3.map
#        --config "C:\Program Files (x86)\IAR Systems\Embedded Workbench
#        8.4\arm\config\linker\ST\stm32f103xB.icf" --semihosting --entry
#        __iar_program_start --vfe --text_out locale)
#
###############################################################################

*******************************************************************************
*** RUNTIME MODEL ATTRIBUTES
***

CppFlavor       = *
__Heap_Handler  = Basic
__SystemLibrary = DLib
__dlib_version  = 6


*******************************************************************************
*** HEAP SELECTION
***

The basic heap was selected because some modules are built with
size limitations (and not runtime checking), and --advanced_heap
was not specified.


*******************************************************************************
*** PLACEMENT SUMMARY
***

"A0":  place at address 0x800'0000 { ro section .intvec };
"P1":  place in [from 0x800'0000 to 0x801'ffff] { ro };
define block CSTACK with size = 2K, alignment = 8 { };
define block HEAP with size = 2K, alignment = 8 { };
"P2":  place in [from 0x2000'0000 to 0x2000'4fff] {
          rw, block CSTACK, block HEAP };
initialize by copy { rw };

  Section            Kind         Address    Size  Object
  -------            ----         -------    ----  ------
"A0":                                        0xec
  .intvec            ro code   0x800'0000    0xec  startup_stm32f10x_md.o [1]
                             - 0x800'00ec    0xec

"P1":                                      0x4fb3
  .text              ro code   0x800'00ec   0xa8c  protocol2_packet_handler.o [1]
  .text              ro code   0x800'0b78    0x42  port_handler.o [1]
  .text              ro code   0x800'0bba    0x3a  zero_init3.o [4]
  .text              ro code   0x800'0bf4    0xbc  systick.o [1]
  .text              ro code   0x800'0cb0     0x8  heaptramp0.o [2]
  .text              ro code   0x800'0cb8    0x28  printf.o [2]
  .text              ro code   0x800'0ce0   0x334  port_handler_cortex_m3.o [1]
  .text              ro code   0x800'1014   0x108  stm32f10x_rcc.o [1]
  .text              ro code   0x800'111c   0x31c  heap0.o [2]
  .text              ro code   0x800'1438   0x134  xprintftiny.o [2]
  .text              ro code   0x800'156c    0xcc  stm32f10x_gpio.o [1]
  .text              ro code   0x800'1638    0x12  strcmp.o [4]
  .text              ro code   0x800'164a    0x1e  xsscin.o [2]
  .text              ro code   0x800'1668    0x18  strcpy.o [4]
  .text              ro code   0x800'1680    0xf0  dynamixel_to_uart.o [1]
  .text              ro code   0x800'1770    0xe8  my_timer.o [1]
  .text              ro code   0x800'1858    0xd6  circle_queue.o [1]
  .rodata            const     0x800'192e     0x2  xlocale_c.o [2]
  .text              ro code   0x800'1930   0x18c  stm32f10x_usart.o [1]
  .text              ro code   0x800'1abc    0x1a  U32ToDbl.o [3]
  .text              ro code   0x800'1ad8   0x1a2  DblMul.o [3]
  .text              ro code   0x800'1c7c   0x17a  DblAdd.o [3]
  .text              ro code   0x800'1df8    0x2e  DblCmpLe.o [3]
  .text              ro code   0x800'1e28    0xe2  DblSub.o [3]
  .text              ro code   0x800'1f0c    0x2c  xgetmemchunk.o [2]
  .text              ro code   0x800'1f38    0x12  xxmemxmemzero.o [2]
  .text              ro code   0x800'1f4c    0xa6  ABImemcpy.o [4]
  .text              ro code   0x800'1ff4    0x96  ABImemmove.o [4]
  .text              ro code   0x800'208c    0x36  strlen.o [4]
  .text              ro code   0x800'20c4    0x94  misc.o [1]
  .text              ro code   0x800'2158   0x104  stm32f10x_tim.o [1]
  .text              ro code   0x800'225c   0x70c  protocol1_packet_handler.o [1]
  .text              ro code   0x800'2968   0x6a4  xscanfsmall_nomb.o [2]
  .text              ro code   0x800'300c    0x14  isspace.o [2]
  .text              ro code   0x800'3020    0x16  strchr.o [4]
  .text              ro code   0x800'3038   0x146  iar_Stoulx.o [2]
  .text              ro code   0x800'3180    0x40  xfail_s.o [2]
  .text              ro code   0x800'31c0    0x90  iar_Stolx.o [2]
  .text              ro code   0x800'3250    0x34  xlocale_c.o [2]
  .text              ro code   0x800'3284    0x14  tolower.o [2]
  .text              ro code   0x800'3298    0x58  memchr.o [4]
  .text              ro code   0x800'32f0     0x6  abort.o [2]
  .text              ro code   0x800'32f8    0x14  exit.o [5]
  .text              ro code   0x800'330c   0x3ac  main.o [1]
  .text              ro code   0x800'36b8   0x118  system_stm32f10x.o [1]
  .text              ro code   0x800'37d0    0x2c  led.o [1]
  .text              ro code   0x800'37fc   0x10c  llio.o [1]
  .text              ro code   0x800'3908   0x110  wifi_to_uart.o [1]
  .text              ro code   0x800'3a18    0x24  sensor.o [1]
  .text              ro code   0x800'3a3c   0x13c  packet_handler.o [1]
  .text              ro code   0x800'3b78    0x4c  strtok.o [2]
  .text              ro code   0x800'3bc4    0x28  sscanf.o [2]
  .text              ro code   0x800'3bec    0x22  strspn.o [2]
  .text              ro code   0x800'3c0e    0x22  strcspn.o [2]
  .rodata            const     0x800'3c30   0x200  protocol2_packet_handler.o [1]
  .text              ro code   0x800'3e30   0x150  stm32f10x_it.o [1]
  .text              ro code   0x800'3f80    0x30  stm32f10x_exti.o [1]
  .text              ro code   0x800'3fb0     0x2  debug.o [1]
  .text              ro code   0x800'3fb2    0xd8  xfspos.o [2]
  .text              ro code   0x800'408c    0xac  fflush.o [2]
  .text              ro code   0x800'4138     0xc  xfgpos.o [2]
  .text              ro code   0x800'4144    0x4a  lseek.o [5]
  .text              ro code   0x800'4190    0xcc  XShHandles.o [2]
  .text              ro code   0x800'425c    0xb4  xfwprep.o [2]
  .text              ro code   0x800'4310    0x24  fseek.o [2]
  .text              ro code   0x800'4334    0x9c  xfofind.o [2]
  .text              ro code   0x800'43d0    0x7e  fclose.o [2]
  .text              ro code   0x800'444e    0x18  close.o [5]
  .text              ro code   0x800'4466    0x14  remove.o [5]
  .text              ro code   0x800'447a    0x78  lz77_init_single.o [4]
  .rodata            const     0x800'44f4    0x64  protocol2_packet_handler.o [1]
  .rodata            const     0x800'4558    0x60  port_handler_cortex_m3.o [1]
  .text              ro code   0x800'45b8    0x54  fputc.o [2]
  .rodata            const     0x800'460c    0x50  iar_Stoulx.o [2]
  .rodata            const     0x800'465c    0x48  protocol2_packet_handler.o [1]
  .rodata            const     0x800'46a4    0x40  protocol2_packet_handler.o [1]
  .rodata            const     0x800'46e4    0x3c  protocol2_packet_handler.o [1]
  .rodata            const     0x800'4720    0x3c  protocol2_packet_handler.o [1]
  .text              ro code   0x800'475c    0x3c  xcloseall.o [2]
  .rodata            const     0x800'4798    0x38  protocol1_packet_handler.o [1]
  .rodata            const     0x800'47d0    0x38  protocol2_packet_handler.o [1]
  .rodata            const     0x800'4808    0x38  protocol2_packet_handler.o [1]
  .rodata            const     0x800'4840    0x34  protocol1_packet_handler.o [1]
  .rodata            const     0x800'4874    0x34  protocol1_packet_handler.o [1]
  .rodata            const     0x800'48a8    0x34  protocol2_packet_handler.o [1]
  .rodata            const     0x800'48dc    0x34  protocol2_packet_handler.o [1]
  .rodata            const     0x800'4910    0x30  main.o [1]
  .rodata            const     0x800'4940    0x30  protocol2_packet_handler.o [1]
  .rodata            const     0x800'4970    0x30  protocol2_packet_handler.o [1]
  .rodata            const     0x800'49a0    0x30  protocol2_packet_handler.o [1]
  .rodata            const     0x800'49d0    0x2c  protocol1_packet_handler.o [1]
  .rodata            const     0x800'49fc    0x2c  protocol1_packet_handler.o [1]
  .rodata            const     0x800'4a28    0x2c  protocol2_packet_handler.o [1]
  .rodata            const     0x800'4a54    0x2c  protocol2_packet_handler.o [1]
  .rodata            const     0x800'4a80    0x28  protocol1_packet_handler.o [1]
  .rodata            const     0x800'4aa8    0x28  protocol1_packet_handler.o [1]
  .rodata            const     0x800'4ad0    0x28  protocol1_packet_handler.o [1]
  .rodata            const     0x800'4af8    0x28  protocol1_packet_handler.o [1]
  .rodata            const     0x800'4b20    0x28  protocol2_packet_handler.o [1]
  .rodata            const     0x800'4b48    0x28  protocol2_packet_handler.o [1]
  .rodata            const     0x800'4b70    0x28  protocol2_packet_handler.o [1]
  .text              ro code   0x800'4b98    0x28  data_init.o [4]
  .rodata            const     0x800'4bc0    0x24  main.o [1]
  .rodata            const     0x800'4be4    0x24  protocol1_packet_handler.o [1]
  .rodata            const     0x800'4c08    0x24  protocol1_packet_handler.o [1]
  .rodata            const     0x800'4c2c    0x24  protocol1_packet_handler.o [1]
  .rodata            const     0x800'4c50    0x24  protocol2_packet_handler.o [1]
  .rodata            const     0x800'4c74    0x24  protocol2_packet_handler.o [1]
  .rodata            const     0x800'4c98    0x24  protocol2_packet_handler.o [1]
  .rodata            const     0x800'4cbc    0x24  xscanfsmall_nomb.o [2]
  .iar.init_table    const     0x800'4ce0    0x20  - Linker created -
  .rodata            const     0x800'4d00    0x20  main.o [1]
  .rodata            const     0x800'4d20    0x20  main.o [1]
  .rodata            const     0x800'4d40    0x20  main.o [1]
  .rodata            const     0x800'4d60    0x20  protocol1_packet_handler.o [1]
  .rodata            const     0x800'4d80    0x20  protocol1_packet_handler.o [1]
  .rodata            const     0x800'4da0    0x20  protocol1_packet_handler.o [1]
  .rodata            const     0x800'4dc0    0x20  protocol1_packet_handler.o [1]
  .rodata            const     0x800'4de0    0x20  protocol2_packet_handler.o [1]
  .text              ro code   0x800'4e00    0x1e  cmain.o [4]
  .text              ro code   0x800'4e1e     0x4  low_level_init.o [2]
  .text              ro code   0x800'4e22     0x4  exit.o [2]
  .text              ro code   0x800'4e28     0xe  cexit.o [4]
  .rodata            const     0x800'4e38    0x1c  main.o [1]
  .text              ro code   0x800'4e54    0x1c  cstartup_M.o [4]
  .rodata            const     0x800'4e70    0x18  stm32f10x_it.o [1]
  .rodata            const     0x800'4e88    0x18  stm32f10x_it.o [1]
  .rodata            const     0x800'4ea0    0x18  stm32f10x_it.o [1]
  .rodata            const     0x800'4eb8    0x18  stm32f10x_it.o [1]
  .rodata            const     0x800'4ed0    0x18  stm32f10x_it.o [1]
  .rodata            const     0x800'4ee8    0x18  systick.o [1]
  .text              ro code   0x800'4f00    0x16  xprout.o [2]
  .text              ro code   0x800'4f18     0xc  putchar.o [2]
  .text              ro code   0x800'4f24    0x10  startup_stm32f10x_md.o [1]
  .rodata            const     0x800'4f34     0x8  main.o [1]
  .rodata            const     0x800'4f3c     0x8  main.o [1]
  .rodata            const     0x800'4f44     0x8  main.o [1]
  .rodata            const     0x800'4f4c     0x4  port_handler_cortex_m3.o [1]
  .text              ro code   0x800'4f50     0x4  startup_stm32f10x_md.o [1]
  .text              ro code   0x800'4f54     0x4  startup_stm32f10x_md.o [1]
  .text              ro code   0x800'4f58     0x4  startup_stm32f10x_md.o [1]
  .text              ro code   0x800'4f5c     0x4  startup_stm32f10x_md.o [1]
  .text              ro code   0x800'4f60     0x4  startup_stm32f10x_md.o [1]
  .text              ro code   0x800'4f64     0x4  startup_stm32f10x_md.o [1]
  .text              ro code   0x800'4f68     0x4  startup_stm32f10x_md.o [1]
  .text              ro code   0x800'4f6c     0x4  startup_stm32f10x_md.o [1]
  .text              ro code   0x800'4f70     0x4  startup_stm32f10x_md.o [1]
  .text              ro code   0x800'4f74     0x4  startup_stm32f10x_md.o [1]
  .text              ro code   0x800'4f78     0x4  startup_stm32f10x_md.o [1]
  .text              ro code   0x800'4f7c     0x4  startup_stm32f10x_md.o [1]
  .text              ro code   0x800'4f80     0x4  startup_stm32f10x_md.o [1]
  .text              ro code   0x800'4f84     0x4  startup_stm32f10x_md.o [1]
  .text              ro code   0x800'4f88     0x4  startup_stm32f10x_md.o [1]
  .text              ro code   0x800'4f8c     0x4  startup_stm32f10x_md.o [1]
  .text              ro code   0x800'4f90     0x4  startup_stm32f10x_md.o [1]
  .text              ro code   0x800'4f94     0x4  startup_stm32f10x_md.o [1]
  .text              ro code   0x800'4f98     0x4  startup_stm32f10x_md.o [1]
  .text              ro code   0x800'4f9c     0x4  startup_stm32f10x_md.o [1]
  .text              ro code   0x800'4fa0     0x4  startup_stm32f10x_md.o [1]
  .text              ro code   0x800'4fa4     0x4  startup_stm32f10x_md.o [1]
  .text              ro code   0x800'4fa8     0x4  startup_stm32f10x_md.o [1]
  .text              ro code   0x800'4fac     0x4  startup_stm32f10x_md.o [1]
  .text              ro code   0x800'4fb0     0x4  startup_stm32f10x_md.o [1]
  .text              ro code   0x800'4fb4     0x4  startup_stm32f10x_md.o [1]
  .text              ro code   0x800'4fb8     0x4  startup_stm32f10x_md.o [1]
  .text              ro code   0x800'4fbc     0x4  startup_stm32f10x_md.o [1]
  .text              ro code   0x800'4fc0     0x4  startup_stm32f10x_md.o [1]
  .text              ro code   0x800'4fc4     0x4  startup_stm32f10x_md.o [1]
  .text              ro code   0x800'4fc8     0x4  startup_stm32f10x_md.o [1]
  .text              ro code   0x800'4fcc     0x4  startup_stm32f10x_md.o [1]
  .text              ro code   0x800'4fd0     0x4  startup_stm32f10x_md.o [1]
  .text              ro code   0x800'4fd4     0x4  startup_stm32f10x_md.o [1]
  .text              ro code   0x800'4fd8     0x4  startup_stm32f10x_md.o [1]
  .text              ro code   0x800'4fdc     0x4  startup_stm32f10x_md.o [1]
  .text              ro code   0x800'4fe0     0x4  startup_stm32f10x_md.o [1]
  .text              ro code   0x800'4fe4     0x4  startup_stm32f10x_md.o [1]
  .text              ro code   0x800'4fe8     0x4  startup_stm32f10x_md.o [1]
  .text              ro code   0x800'4fec     0x4  startup_stm32f10x_md.o [1]
  .text              ro code   0x800'4ff0     0x4  startup_stm32f10x_md.o [1]
  .text              ro code   0x800'4ff4     0x4  startup_stm32f10x_md.o [1]
  .text              ro code   0x800'4ff8     0x4  startup_stm32f10x_md.o [1]
  .text              ro code   0x800'4ffc     0x4  startup_stm32f10x_md.o [1]
  .text              ro code   0x800'5000     0x4  startup_stm32f10x_md.o [1]
  .text              ro code   0x800'5004     0x4  startup_stm32f10x_md.o [1]
  .text              ro code   0x800'5008     0x4  startup_stm32f10x_md.o [1]
  .text              ro code   0x800'500c     0x4  startup_stm32f10x_md.o [1]
  .text              ro code   0x800'5010     0x4  startup_stm32f10x_md.o [1]
  .text              ro code   0x800'5014     0x4  startup_stm32f10x_md.o [1]
  .text              ro code   0x800'5018     0x4  startup_stm32f10x_md.o [1]
  .text              ro code   0x800'501c     0x4  startup_stm32f10x_md.o [1]
  .text              ro code   0x800'5020     0x0  cstart_closeall.o [4]
  .rodata            const     0x800'5020     0x0  zero_init3.o [4]
  .rodata            const     0x800'5020     0x0  lz77_init_single.o [4]
  Initializer bytes  const     0x800'5020    0x7f  <for P2-1>
                             - 0x800'509f  0x4fb3

"P2", part 1 of 3:                          0x154
  P2-1                        0x2000'0000   0x154  <Init block>
    .data            inited   0x2000'0000    0x10  stm32f10x_rcc.o [1]
    .data            inited   0x2000'0010     0x4  stm32f10x_rcc.o [1]
    .data            inited   0x2000'0014    0x48  xfiles.o [2]
    .data            inited   0x2000'005c    0x48  xfiles.o [2]
    .data            inited   0x2000'00a4    0x48  xfiles.o [2]
    .data            inited   0x2000'00ec    0x20  xfiles.o [2]
    .data            inited   0x2000'010c    0x48  xlocale_c.o [2]
                            - 0x2000'0154   0x154

"P2", part 2 of 3:                          0x360
  .bss               zero     0x2000'0154   0x108  main.o [1]
  .bss               zero     0x2000'025c   0x108  main.o [1]
  .bss               zero     0x2000'0364    0x80  XShHandles.o [2]
  .bss               zero     0x2000'03e4    0x50  xfiles.o [2]
  .bss               zero     0x2000'0434    0x50  xfiles.o [2]
  .bss               zero     0x2000'0484     0x8  heap0.o [2]
  .bss               zero     0x2000'048c     0x4  main.o [1]
  .bss               zero     0x2000'0490     0x4  main.o [1]
  .bss               zero     0x2000'0494     0x4  main.o [1]
  .bss               zero     0x2000'0498     0x4  my_timer.o [1]
  .bss               zero     0x2000'049c     0x4  my_timer.o [1]
  .bss               zero     0x2000'04a0     0x4  port_handler_cortex_m3.o [1]
  .bss               zero     0x2000'04a4     0x4  systick.o [1]
  .bss               zero     0x2000'04a8     0x4  strtok.o [2]
  .bss               zero     0x2000'04ac     0x4  xgetmemchunk.o [2]
  .bss               zero     0x2000'04b0     0x4  xfail_s.o [2]
                            - 0x2000'04b4   0x360

"P2", part 3 of 3:                         0x1000
  CSTACK                      0x2000'04b8   0x800  <Block>
    CSTACK           uninit   0x2000'04b8   0x800  <Block tail>
  HEAP                        0x2000'0cb8   0x800  <Block>
    HEAP             uninit   0x2000'0cb8   0x800  <Block tail>
                            - 0x2000'14b8  0x1000

Unused ranges:

         From           To      Size
         ----           --      ----
   0x800'509f   0x801'ffff  0x1'af61
  0x2000'04b4  0x2000'04b7       0x4
  0x2000'14b8  0x2000'4fff    0x3b48


*******************************************************************************
*** INIT TABLE
***

          Address      Size
          -------      ----
Zero (__iar_zero_init3)
    1 destination range, total size 0x360:
          0x2000'0154  0x360

Copy/lz77 (__iar_lz77_init_single3)
    1 source range, total size 0x7f (37% of destination):
           0x800'5020   0x7f
    1 destination range, total size 0x154:
          0x2000'0000  0x154



*******************************************************************************
*** MODULE SUMMARY
***

    Module                      ro code  ro data  rw data
    ------                      -------  -------  -------
command line/config:
    -----------------------------------------------------
    Total:

C:\Users\kdm79\Desktop\cortex-M3_test\Demo\robot_line_tracer_v3\Debug\Obj: [1]
    circle_queue.o                  214
    debug.o                           2
    dynamixel_to_uart.o             240
    led.o                            44
    llio.o                          268
    main.o                          940      232      540
    misc.o                          148
    my_timer.o                      232                 8
    packet_handler.o                316
    port_handler.o                   66
    port_handler_cortex_m3.o        820      100        4
    protocol1_packet_handler.o    1'804      644
    protocol2_packet_handler.o    2'700    1'576
    sensor.o                         36
    startup_stm32f10x_md.o          460
    stm32f10x_exti.o                 48
    stm32f10x_gpio.o                204
    stm32f10x_it.o                  336      120
    stm32f10x_rcc.o                 264        7       20
    stm32f10x_tim.o                 260
    stm32f10x_usart.o               396
    system_stm32f10x.o              280
    systick.o                       188       24        4
    wifi_to_uart.o                  272
    -----------------------------------------------------
    Total:                       10'538    2'703      576

dl7M_tlf.a: [2]
    XShHandles.o                    204               128
    abort.o                           6
    exit.o                            4
    fclose.o                        126
    fflush.o                        172
    fputc.o                          84
    fseek.o                          36
    heap0.o                         796                 8
    heaptramp0.o                      8
    iar_Stolx.o                     144
    iar_Stoulx.o                    326       80
    isspace.o                        20
    low_level_init.o                  4
    printf.o                         40
    putchar.o                        12
    sscanf.o                         40
    strcspn.o                        34
    strspn.o                         34
    strtok.o                         76                 4
    tolower.o                        20
    xcloseall.o                      60
    xfail_s.o                        64                 4
    xfgpos.o                         12
    xfiles.o                                  93      408
    xfofind.o                       156
    xfspos.o                        216
    xfwprep.o                       180
    xgetmemchunk.o                   44                 4
    xlocale_c.o                      52       29       72
    xprintftiny.o                   308
    xprout.o                         22
    xscanfsmall_nomb.o            1'700       36
    xsscin.o                         30
    xxmemxmemzero.o                  18
    -----------------------------------------------------
    Total:                        5'048      238      628

m7M_tl.a: [3]
    DblAdd.o                        378
    DblCmpLe.o                       46
    DblMul.o                        418
    DblSub.o                        226
    U32ToDbl.o                       26
    -----------------------------------------------------
    Total:                        1'094

rt7M_tl.a: [4]
    ABImemcpy.o                     166
    ABImemmove.o                    150
    cexit.o                          14
    cmain.o                          30
    cstart_closeall.o
    cstartup_M.o                     28
    data_init.o                      40
    lz77_init_single.o              120
    memchr.o                         88
    strchr.o                         22
    strcmp.o                         18
    strcpy.o                         24
    strlen.o                         54
    zero_init3.o                     58
    -----------------------------------------------------
    Total:                          812

shb_l.a: [5]
    close.o                          24
    exit.o                           20
    lseek.o                          74
    remove.o                         20
    -----------------------------------------------------
    Total:                          138

    Gaps                             32        4
    Linker created                            32    4'096
---------------------------------------------------------
    Grand Total:                 17'662    2'977    5'300


*******************************************************************************
*** ENTRY LIST
***

Entry                       Address   Size  Type      Object
-----                       -------   ----  ----      ------
.iar.init_table$$Base    0x800'4ce0          --   Gb  - Linker created -
.iar.init_table$$Limit   0x800'4d00          --   Gb  - Linker created -
?main                    0x800'4e01         Code  Gb  cmain.o [4]
ADC1_2_IRQHandler        0x800'3ecd    0x2  Code  Gb  stm32f10x_it.o [1]
ADCPrescTable           0x2000'0010    0x4  Data  Lc  stm32f10x_rcc.o [1]
APBAHBPrescTable        0x2000'0000   0x10  Data  Lc  stm32f10x_rcc.o [1]
Aldata                  0x2000'0484    0x8  Data  Lc  heap0.o [2]
BusFault_Handler         0x800'3e37    0x2  Code  Gb  stm32f10x_it.o [1]
CAN1_RX1_IRQHandler      0x800'3ed3    0x2  Code  Gb  stm32f10x_it.o [1]
CAN1_SCE_IRQHandler      0x800'3ed5    0x2  Code  Gb  stm32f10x_it.o [1]
CSTACK$$Base            0x2000'04b8          --   Gb  - Linker created -
CSTACK$$Limit           0x2000'0cb8          --   Gb  - Linker created -
DEFAULT_BAUDRATE         0x800'4f4c    0x4  Data  Lc  port_handler_cortex_m3.o [1]
DMA1_Channel1_IRQHandler
                         0x800'3ebf    0x2  Code  Gb  stm32f10x_it.o [1]
DMA1_Channel2_IRQHandler
                         0x800'3ec1    0x2  Code  Gb  stm32f10x_it.o [1]
DMA1_Channel3_IRQHandler
                         0x800'3ec3    0x2  Code  Gb  stm32f10x_it.o [1]
DMA1_Channel4_IRQHandler
                         0x800'3ec5    0x2  Code  Gb  stm32f10x_it.o [1]
DMA1_Channel5_IRQHandler
                         0x800'3ec7    0x2  Code  Gb  stm32f10x_it.o [1]
DMA1_Channel6_IRQHandler
                         0x800'3ec9    0x2  Code  Gb  stm32f10x_it.o [1]
DMA1_Channel7_IRQHandler
                         0x800'3ecb    0x2  Code  Gb  stm32f10x_it.o [1]
DebugMon_Handler         0x800'3e3d    0x2  Code  Gb  stm32f10x_it.o [1]
DebugMsg_FunctionStart   0x800'3fb1    0x2  Code  Gb  debug.o [1]
EXTI0_IRQHandler         0x800'3e55   0x1a  Code  Gb  stm32f10x_it.o [1]
EXTI15_10_IRQHandler     0x800'3f45    0x2  Code  Gb  stm32f10x_it.o [1]
EXTI1_IRQHandler         0x800'3e6f   0x1a  Code  Gb  stm32f10x_it.o [1]
EXTI2_IRQHandler         0x800'3e89   0x1a  Code  Gb  stm32f10x_it.o [1]
EXTI3_IRQHandler         0x800'3ea3   0x1a  Code  Gb  stm32f10x_it.o [1]
EXTI4_IRQHandler         0x800'3ebd    0x2  Code  Gb  stm32f10x_it.o [1]
EXTI9_5_IRQHandler       0x800'3ed7    0x2  Code  Gb  stm32f10x_it.o [1]
EXTI_ClearITPendingBit   0x800'3fa1    0x6  Code  Gb  stm32f10x_exti.o [1]
EXTI_GetITStatus         0x800'3f81   0x20  Code  Gb  stm32f10x_exti.o [1]
FLASH_IRQHandler         0x800'3e51    0x2  Code  Gb  stm32f10x_it.o [1]
GPIO_Init                0x800'156d   0xc0  Code  Gb  stm32f10x_gpio.o [1]
GPIO_ResetBits           0x800'1633    0x6  Code  Gb  stm32f10x_gpio.o [1]
GPIO_SetBits             0x800'162d    0x6  Code  Gb  stm32f10x_gpio.o [1]
HEAP$$Base              0x2000'0cb8          --   Gb  - Linker created -
HEAP$$Limit             0x2000'14b8          --   Gb  - Linker created -
HardFault_Handler        0x800'3e33    0x2  Code  Gb  stm32f10x_it.o [1]
I2C1_ER_IRQHandler       0x800'3ef9    0x2  Code  Gb  stm32f10x_it.o [1]
I2C1_EV_IRQHandler       0x800'3ef7    0x2  Code  Gb  stm32f10x_it.o [1]
I2C2_ER_IRQHandler       0x800'3efd    0x2  Code  Gb  stm32f10x_it.o [1]
I2C2_EV_IRQHandler       0x800'3efb    0x2  Code  Gb  stm32f10x_it.o [1]
MemManage_Handler        0x800'3e35    0x2  Code  Gb  stm32f10x_it.o [1]
MyLowLevelPutchar        0x800'3881   0x44  Code  Gb  llio.o [1]
MyLowLevelPutchar_Uart3
                         0x800'1743   0x24  Code  Gb  dynamixel_to_uart.o [1]
NMI_Handler              0x800'3e31    0x2  Code  Gb  stm32f10x_it.o [1]
NVIC_Configuration       0x800'177b   0x36  Code  Gb  my_timer.o [1]
NVIC_Init                0x800'20cf   0x60  Code  Gb  misc.o [1]
NVIC_PriorityGroupConfig
                         0x800'20c5    0xa  Code  Gb  misc.o [1]
NVIC_SetPriority         0x800'0bf5   0x24  Code  Lc  systick.o [1]
NVIC_SetVectorTable      0x800'212f    0xc  Code  Gb  misc.o [1]
NVIC_USART2_Configuration
                         0x800'39d7   0x34  Code  Gb  wifi_to_uart.o [1]
NVIC_USART3_Configuration
                         0x800'170f   0x34  Code  Gb  dynamixel_to_uart.o [1]
PB5_init                 0x800'0ce1   0x26  Code  Gb  port_handler_cortex_m3.o [1]
PB5_off                  0x800'0d13    0xc  Code  Gb  port_handler_cortex_m3.o [1]
PB5_on                   0x800'0d07    0xc  Code  Gb  port_handler_cortex_m3.o [1]
PVD_IRQHandler           0x800'3e4b    0x2  Code  Gb  stm32f10x_it.o [1]
PendSV_Handler           0x800'3e3f    0x2  Code  Gb  stm32f10x_it.o [1]
RCC_APB1PeriphClockCmd   0x800'10dd   0x1c  Code  Gb  stm32f10x_rcc.o [1]
RCC_APB2PeriphClockCmd   0x800'10c1   0x1c  Code  Gb  stm32f10x_rcc.o [1]
RCC_Configuration        0x800'1771    0xa  Code  Gb  my_timer.o [1]
RCC_GetClocksFreq        0x800'1015   0xac  Code  Gb  stm32f10x_rcc.o [1]
RCC_IRQHandler           0x800'3e53    0x2  Code  Gb  stm32f10x_it.o [1]
RTCAlarm_IRQHandler      0x800'3f47    0x2  Code  Gb  stm32f10x_it.o [1]
RTC_IRQHandler           0x800'3e4f    0x2  Code  Gb  stm32f10x_it.o [1]
Region$$Table$$Base      0x800'4ce0          --   Gb  - Linker created -
Region$$Table$$Limit     0x800'4d00          --   Gb  - Linker created -
SPI1_IRQHandler          0x800'3eff    0x2  Code  Gb  stm32f10x_it.o [1]
SPI2_IRQHandler          0x800'3f01    0x2  Code  Gb  stm32f10x_it.o [1]
SVC_Handler              0x800'3e3b    0x2  Code  Gb  stm32f10x_it.o [1]
SetSysClock              0x800'36fd    0x8  Code  Lc  system_stm32f10x.o [1]
SetSysClockTo72          0x800'3705   0xae  Code  Lc  system_stm32f10x.o [1]
SysTick_Config           0x800'0c19   0x30  Code  Lc  systick.o [1]
SysTick_Handler          0x800'3e41    0x8  Code  Gb  stm32f10x_it.o [1]
SystemInit               0x800'36b9   0x44  Code  Gb  system_stm32f10x.o [1]
TAMPER_IRQHandler        0x800'3e4d    0x2  Code  Gb  stm32f10x_it.o [1]
TIM1_BRK_IRQHandler      0x800'3ed9    0x2  Code  Gb  stm32f10x_it.o [1]
TIM1_CC_IRQHandler       0x800'3edf    0x2  Code  Gb  stm32f10x_it.o [1]
TIM1_TRG_COM_IRQHandler
                         0x800'3edd    0x2  Code  Gb  stm32f10x_it.o [1]
TIM1_UP_IRQHandler       0x800'3edb    0x2  Code  Gb  stm32f10x_it.o [1]
TIM2_IRQHandler          0x800'3ee1   0x12  Code  Gb  stm32f10x_it.o [1]
TIM3_IRQHandler          0x800'3ef3    0x2  Code  Gb  stm32f10x_it.o [1]
TIM4_IRQHandler          0x800'3ef5    0x2  Code  Gb  stm32f10x_it.o [1]
TIM_ClearFlag            0x800'2225    0x8  Code  Gb  stm32f10x_tim.o [1]
TIM_ClearITPendingBit    0x800'222d    0x8  Code  Gb  stm32f10x_tim.o [1]
TIM_Cmd                  0x800'21eb   0x1c  Code  Gb  stm32f10x_tim.o [1]
TIM_Configuration        0x800'17b1   0x50  Code  Gb  my_timer.o [1]
TIM_ITConfig             0x800'2207   0x18  Code  Gb  stm32f10x_tim.o [1]
TIM_PrescalerConfig      0x800'221f    0x6  Code  Gb  stm32f10x_tim.o [1]
TIM_TimeBaseInit         0x800'2159   0x92  Code  Gb  stm32f10x_tim.o [1]
Timer_1_msec_Init        0x800'1801   0x22  Code  Gb  my_timer.o [1]
TimingDelay             0x2000'04a4    0x4  Data  Lc  systick.o [1]
TimingDelay_Decrement    0x800'0c83   0x10  Code  Gb  systick.o [1]
Trim                     0x800'1289   0x38  Code  Lc  heap0.o [2]
USART1_IRQHandler        0x800'3f03    0x2  Code  Gb  stm32f10x_it.o [1]
USART2_IRQHandler        0x800'3f05   0x20  Code  Gb  stm32f10x_it.o [1]
USART2_init              0x800'394b   0x8c  Code  Gb  wifi_to_uart.o [1]
USART3_IRQHandler        0x800'3f25   0x20  Code  Gb  stm32f10x_it.o [1]
USART3_init              0x800'1681   0x8e  Code  Gb  dynamixel_to_uart.o [1]
USART_ClearFlag          0x800'1a8f    0xe  Code  Gb  stm32f10x_usart.o [1]
USART_ClearITPendingBit
                         0x800'1a9d   0x20  Code  Gb  stm32f10x_usart.o [1]
USART_Cmd                0x800'19f5   0x1c  Code  Gb  stm32f10x_usart.o [1]
USART_GetFlagStatus      0x800'1a75   0x1a  Code  Gb  stm32f10x_usart.o [1]
USART_ITConfig           0x800'1a11   0x54  Code  Gb  stm32f10x_usart.o [1]
USART_Init               0x800'1931   0xbc  Code  Gb  stm32f10x_usart.o [1]
USART_ReceiveData        0x800'1a6d    0x8  Code  Gb  stm32f10x_usart.o [1]
USART_SendData           0x800'1a65    0x8  Code  Gb  stm32f10x_usart.o [1]
USBWakeUp_IRQHandler     0x800'3f49   0x12  Code  Gb  stm32f10x_it.o [1]
USBWakeUp_IRQHandler::__FUNCTION__
                         0x800'4ed0   0x18  Data  Lc  stm32f10x_it.o [1]
USB_HP_CAN1_TX_IRQHandler
                         0x800'3ecf    0x2  Code  Gb  stm32f10x_it.o [1]
USB_LP_CAN1_RX0_IRQHandler
                         0x800'3ed1    0x2  Code  Gb  stm32f10x_it.o [1]
UsageFault_Handler       0x800'3e39    0x2  Code  Gb  stm32f10x_it.o [1]
WIFI_reset_init          0x800'3909   0x42  Code  Gb  wifi_to_uart.o [1]
WWDG_IRQHandler          0x800'3e49    0x2  Code  Gb  stm32f10x_it.o [1]
_Close_all               0x800'475d   0x3c  Code  Gb  xcloseall.o [2]
_Files                  0x2000'00ec   0x20  Data  Gb  xfiles.o [2]
_Fofree                  0x800'4335   0x96  Code  Gb  xfofind.o [2]
_Fspos                   0x800'3fb3   0xd8  Code  Gb  xfspos.o [2]
_Fwprep                  0x800'425d   0xb4  Code  Gb  xfwprep.o [2]
_Get                     0x800'2969   0x12  Code  Lc  xscanfsmall_nomb.o [2]
_GetN                    0x800'297b   0x22  Code  Lc  xscanfsmall_nomb.o [2]
_GetstrSmallNoMb         0x800'2ed1   0xe8  Code  Lc  xscanfsmall_nomb.o [2]
_LocaleC_isspace         0x800'325d   0x14  Code  Gb  xlocale_c.o [2]
_LocaleC_isupper         0x800'3251    0x2  Code  Gb  xlocale_c.o [2]
_LocaleC_tolower         0x800'3271    0xc  Code  Gb  xlocale_c.o [2]
_Nnl                     0x800'4139    0xc  Code  Gb  xfgpos.o [2]
_PrintfTiny              0x800'1451  0x11c  Code  Gb  xprintftiny.o [2]
_Prout                   0x800'4f01   0x16  Code  Gb  xprout.o [2]
_SScin                   0x800'164b   0x1e  Code  Gb  xsscin.o [2]
_ScanfSmallNoMb          0x800'29b9  0x510  Code  Gb  xscanfsmall_nomb.o [2]
_Strtok_ssave           0x2000'04a8    0x4  Data  Lc  strtok.o [2]
_UngetN                  0x800'299d   0x1a  Code  Lc  xscanfsmall_nomb.o [2]
__aeabi_cdcmple          0x800'1df9         Code  Gb  DblCmpLe.o [3]
__aeabi_dadd             0x800'1c7d         Code  Gb  DblAdd.o [3]
__aeabi_dmul             0x800'1ad9         Code  Gb  DblMul.o [3]
__aeabi_dsub             0x800'1e29         Code  Gb  DblSub.o [3]
__aeabi_memcpy           0x800'1f4d         Code  Gb  ABImemcpy.o [4]
__aeabi_memcpy4          0x800'1f6d         Code  Gb  ABImemcpy.o [4]
__aeabi_memcpy8          0x800'1f6d         Code  Gb  ABImemcpy.o [4]
__aeabi_memmove          0x800'1ff5         Code  Gb  ABImemmove.o [4]
__aeabi_memmove4         0x800'1ff5         Code  Gb  ABImemmove.o [4]
__aeabi_memmove8         0x800'1ff5         Code  Gb  ABImemmove.o [4]
__aeabi_ui2d             0x800'1abd         Code  Gb  U32ToDbl.o [3]
__basic_calloc           0x800'1253   0x36  Code  Gb  heap0.o [2]
__basic_free             0x800'11c9   0x16  Code  Gb  heap0.o [2]
__basic_free_intern      0x800'11df   0x74  Code  Lc  heap0.o [2]
__basic_malloc           0x800'111d   0x18  Code  Gb  heap0.o [2]
__basic_malloc_intern    0x800'1135   0x94  Code  Lc  heap0.o [2]
__basic_realloc          0x800'12c1  0x174  Code  Gb  heap0.o [2]
__cexit_closeall         0x800'4e2b         Code  Gb  cexit.o [4]
__close                  0x800'444f   0x18  Code  Gb  close.o [5]
__cmain                  0x800'4e01         Code  Gb  cmain.o [4]
__cstart_closeall        0x800'5020         Data  Gb  cstart_closeall.o [4]
__data_GetMemChunk       0x800'1f0d   0x2c  Code  Gb  xgetmemchunk.o [2]
__data_GetMemChunk::start
                        0x2000'04ac    0x4  Data  Lc  xgetmemchunk.o [2]
__data_memzero           0x800'1f39   0x12  Code  Gb  xxmemxmemzero.o [2]
__exit                   0x800'32f9   0x14  Code  Gb  exit.o [5]
__iar_Fail_s             0x800'3181   0x1c  Code  Gb  xfail_s.o [2]
__iar_Memchr             0x800'3299         Code  Gb  memchr.o [4]
__iar_Stderr            0x2000'00a4   0x48  Data  Gb  xfiles.o [2]
__iar_Stdin             0x2000'0014   0x48  Data  Gb  xfiles.o [2]
__iar_Stdout            0x2000'005c   0x48  Data  Gb  xfiles.o [2]
__iar_Stolx              0x800'31c1   0x8c  Code  Gb  iar_Stolx.o [2]
__iar_Stoulx             0x800'3039  0x13a  Code  Gb  iar_Stoulx.o [2]
__iar_Strchr             0x800'3021         Code  Gb  strchr.o [4]
__iar_dadd               0x800'1e39         Code  Gb  DblSub.o [3]
__iar_data_init3         0x800'4b99   0x28  Code  Gb  data_init.o [4]
__iar_dsub               0x800'1c8d         Code  Gb  DblAdd.o [3]
__iar_dsubStart          0x800'1c9f         Code  Gb  DblAdd.o [3]
__iar_globLocale        0x2000'010c   0x48  Data  Lc  xlocale_c.o [2]
__iar_global_Locale      0x800'327d    0x4  Code  Gb  xlocale_c.o [2]
__iar_lz77_init_single3
                         0x800'447b   0x78  Code  Gb  lz77_init_single.o [4]
__iar_program_start      0x800'4e55         Code  Gb  cstartup_M.o [4]
__iar_sh_Discard         0x800'4191   0x42  Code  Gb  XShHandles.o [2]
__iar_sh_Move            0x800'41d3   0x46  Code  Gb  XShHandles.o [2]
__iar_sh_Pos             0x800'4219   0x3e  Code  Gb  XShHandles.o [2]
__iar_zero_init3         0x800'0bbb   0x3a  Code  Gb  zero_init3.o [4]
__low_level_init         0x800'4e1f    0x4  Code  Gb  low_level_init.o [2]
__lseek                  0x800'4145   0x4a  Code  Gb  lseek.o [5]
__vector_table           0x800'0000         Data  Gb  startup_stm32f10x_md.o [1]
__write                  0x800'38c5   0x3c  Code  Gb  llio.o [1]
_call_main               0x800'4e0d         Code  Gb  cmain.o [4]
_exit                    0x800'4e29         Code  Gb  cexit.o [4]
_main                    0x800'4e17         Code  Gb  cmain.o [4]
abort                    0x800'32f1    0x6  Code  Gb  abort.o [2]
addStuffing              0x800'0219   0xe4  Code  Gb  protocol2_packet_handler.o [1]
buffer                  0x2000'0154  0x108  Data  Gb  main.o [1]
clearPort                0x800'0b89    0x8  Code  Gb  port_handler.o [1]
clearPortCortexm3        0x800'0e43    0x2  Code  Gb  port_handler_cortex_m3.o [1]
delay_ms                 0x800'0c71   0x12  Code  Gb  systick.o [1]
dequeue                  0x800'18af   0x24  Code  Gb  circle_queue.o [1]
digits                   0x800'4634   0x28  Data  Lc  iar_Stoulx.o [2]
ebuf                    0x2000'03e4   0x50  Data  Lc  xfiles.o [2]
enqueue                  0x800'1873   0x3c  Code  Gb  circle_queue.o [1]
exit                     0x800'4e23    0x4  Code  Gb  exit.o [2]
fclose                   0x800'43d1   0x7e  Code  Gb  fclose.o [2]
fflush                   0x800'4101   0x34  Code  Gb  fflush.o [2]
fflushOne                0x800'408d   0x74  Code  Lc  fflush.o [2]
fputc                    0x800'45b9   0x54  Code  Gb  fputc.o [2]
free                     0x800'0cb1    0x4  Code  Gb  heaptramp0.o [2]
fseek                    0x800'4311   0x24  Code  Gb  fseek.o [2]
g_is_using              0x2000'0494    0x4  Data  Gb  main.o [1]
g_used_port_num         0x2000'0490    0x4  Data  Gb  main.o [1]
getCurrentTimeCortexm3   0x800'0f6f   0x2c  Code  Gb  port_handler_cortex_m3.o [1]
getLastRxPacketError     0x800'3b17   0x12  Code  Gb  packet_handler.o [1]
getLastRxPacketError1    0x800'2327   0x10  Code  Gb  protocol1_packet_handler.o [1]
getLastRxPacketError2    0x800'01cd   0x10  Code  Gb  protocol2_packet_handler.o [1]
getLastTxRxResult        0x800'3b05   0x12  Code  Gb  packet_handler.o [1]
getLastTxRxResult1       0x800'2317   0x10  Code  Gb  protocol1_packet_handler.o [1]
getLastTxRxResult2       0x800'01bd   0x10  Code  Gb  protocol2_packet_handler.o [1]
getRxPacketError         0x800'3aeb   0x1a  Code  Gb  packet_handler.o [1]
getRxPacketError1        0x800'22cd   0x4a  Code  Gb  protocol1_packet_handler.o [1]
getRxPacketError2        0x800'015d   0x60  Code  Gb  protocol2_packet_handler.o [1]
getTimeSinceStartCortexm3
                         0x800'0f9b   0x4c  Code  Gb  port_handler_cortex_m3.o [1]
getTxRxResult            0x800'3ad5   0x16  Code  Gb  packet_handler.o [1]
getTxRxResult1           0x800'225d   0x70  Code  Gb  protocol1_packet_handler.o [1]
getTxRxResult2           0x800'00ed   0x70  Code  Gb  protocol2_packet_handler.o [1]
init_circle_queue        0x800'1859    0xa  Code  Gb  circle_queue.o [1]
isPacketTimeout          0x800'0bb3    0x8  Code  Gb  port_handler.o [1]
isPacketTimeoutCortexm3
                         0x800'0f33   0x3c  Code  Gb  port_handler_cortex_m3.o [1]
is_empty                 0x800'1863   0x10  Code  Gb  circle_queue.o [1]
is_full                  0x800'18f3   0x1e  Code  Gb  circle_queue.o [1]
isspace                  0x800'300d   0x14  Code  Gb  isspace.o [2]
led_init                 0x800'37d1   0x28  Code  Gb  led.o [1]
llio_init                0x800'37fd   0x84  Code  Gb  llio.o [1]
main                     0x800'330d  0x3ac  Code  Gb  main.o [1]
memchr                   0x800'3299         Code  Gb  memchr.o [4]
msecCount               0x2000'0498    0x4  Data  Lc  my_timer.o [1]
msecCounter              0x800'1823   0x1e  Code  Gb  my_timer.o [1]
my_clock_gettime         0x800'1841   0x10  Code  Gb  my_timer.o [1]
ndigs                    0x800'460c   0x28  Data  Lc  iar_Stoulx.o [2]
obuf                    0x2000'0434   0x50  Data  Lc  xfiles.o [2]
openPort                 0x800'0b81    0x8  Code  Gb  port_handler.o [1]
openPortCortexm3         0x800'0e2d   0x16  Code  Gb  port_handler_cortex_m3.o [1]
out                      0x800'1439   0x18  Code  Lc  xprintftiny.o [2]
packetData              0x2000'048c    0x4  Data  Gb  main.o [1]
packetHandler            0x800'3a3d   0x8e  Code  Gb  packet_handler.o [1]
peek                     0x800'18d3   0x20  Code  Gb  circle_queue.o [1]
portData                0x2000'04a0    0x4  Data  Lc  port_handler_cortex_m3.o [1]
portHandler              0x800'0b79    0x8  Code  Gb  port_handler.o [1]
portHandlerCortexm3      0x800'0d1f  0x10e  Code  Gb  port_handler_cortex_m3.o [1]
printf                   0x800'0cb9   0x28  Code  Gb  printf.o [2]
putchar                  0x800'4f19    0xc  Code  Gb  putchar.o [2]
queue_available          0x800'1911   0x1e  Code  Gb  circle_queue.o [1]
readPort                 0x800'0b99    0x8  Code  Gb  port_handler.o [1]
readPortCortexm3         0x800'0e75   0x2c  Code  Gb  port_handler_cortex_m3.o [1]
realloc                  0x800'0cb5    0x4  Code  Gb  heaptramp0.o [2]
remove                   0x800'4467   0x14  Code  Gb  remove.o [5]
removeStuffing           0x800'02fd   0x82  Code  Gb  protocol2_packet_handler.o [1]
rxPacket1                0x800'2439  0x252  Code  Gb  protocol1_packet_handler.o [1]
rxPacket2                0x800'04c5  0x304  Code  Gb  protocol2_packet_handler.o [1]
sFileInfo               0x2000'0364   0x80  Data  Lc  XShHandles.o [2]
secCount                0x2000'049c    0x4  Data  Lc  my_timer.o [1]
sec_hand                0x2000'04b0    0x4  Data  Lc  xfail_s.o [2]
sensor_init              0x800'3a19   0x20  Code  Gb  sensor.o [1]
setBaudRate              0x800'0b91    0x8  Code  Gb  port_handler.o [1]
setBaudRateCortexm3      0x800'0e59   0x1c  Code  Gb  port_handler_cortex_m3.o [1]
setPacketTimeout         0x800'0ba9    0xa  Code  Gb  port_handler.o [1]
setPacketTimeoutCortexm3
                         0x800'0edd   0x56  Code  Gb  port_handler_cortex_m3.o [1]
setPortNameCortexm3      0x800'0e45   0x14  Code  Gb  port_handler_cortex_m3.o [1]
sscanf                   0x800'3bc5   0x28  Code  Gb  sscanf.o [2]
strchr                   0x800'3021         Code  Gb  strchr.o [4]
strcmp                   0x800'1639         Code  Gb  strcmp.o [4]
strcpy                   0x800'1669         Code  Gb  strcpy.o [4]
strcspn                  0x800'3c0f   0x22  Code  Gb  strcspn.o [2]
strlen                   0x800'208d         Code  Gb  strlen.o [4]
strspn                   0x800'3bed   0x22  Code  Gb  strspn.o [2]
strtok                   0x800'3b79   0x4c  Code  Gb  strtok.o [2]
strtol                   0x800'324d    0x4  Code  Gb  iar_Stolx.o [2]
strtoul                  0x800'3179    0x2  Code  Gb  iar_Stoulx.o [2]
systick_init             0x800'0c49   0x28  Code  Gb  systick.o [1]
tolower                  0x800'3285   0x14  Code  Gb  tolower.o [2]
txPacket1                0x800'2337   0xfe  Code  Gb  protocol1_packet_handler.o [1]
txPacket2                0x800'037f  0x146  Code  Gb  protocol2_packet_handler.o [1]
txRxPacket1              0x800'268b  0x102  Code  Gb  protocol1_packet_handler.o [1]
txRxPacket2              0x800'07c9  0x122  Code  Gb  protocol2_packet_handler.o [1]
uart2_buffer            0x2000'025c  0x108  Data  Gb  main.o [1]
updateCRC                0x800'01dd   0x34  Code  Gb  protocol2_packet_handler.o [1]
updateCRC::crc_table     0x800'3c30  0x200  Data  Lc  protocol2_packet_handler.o [1]
write1ByteTxRx           0x800'3b29   0x28  Code  Gb  packet_handler.o [1]
write1ByteTxRx1          0x800'28ad   0x50  Code  Gb  protocol1_packet_handler.o [1]
write1ByteTxRx2          0x800'0a89   0x68  Code  Gb  protocol2_packet_handler.o [1]
write2ByteTxRx           0x800'3b51   0x28  Code  Gb  packet_handler.o [1]
write2ByteTxRx1          0x800'28fd   0x60  Code  Gb  protocol1_packet_handler.o [1]
write2ByteTxRx2          0x800'0af1   0x78  Code  Gb  protocol2_packet_handler.o [1]
writePort                0x800'0ba1    0x8  Code  Gb  port_handler.o [1]
writePortCortexm3        0x800'0ea1   0x3c  Code  Gb  port_handler_cortex_m3.o [1]
writeTxRx1               0x800'27dd   0xcc  Code  Gb  protocol1_packet_handler.o [1]
writeTxRx2               0x800'0955  0x134  Code  Gb  protocol2_packet_handler.o [1]


[1] = C:\Users\kdm79\Desktop\cortex-M3_test\Demo\robot_line_tracer_v3\Debug\Obj
[2] = dl7M_tlf.a
[3] = m7M_tl.a
[4] = rt7M_tl.a
[5] = shb_l.a

  17'662 bytes of readonly  code memory
   2'977 bytes of readonly  data memory
   5'300 bytes of readwrite data memory

Errors: none
Warnings: none
